<html>
<body>
<pre>
<h1>µVision Build Log</h1>
<h2>Tool Versions:</h2>
IDE-Version: ¦ÌVision V5.43.1.0
Copyright (C) 2025 ARM Ltd and ARM Germany GmbH. All rights reserved.
License Information: a Lenovo, a, LIC=ATTQ1-CUFYB-KPLZY-IFEM1-WEZBX-YQHUJ
 
Tool Versions:
Toolchain:       MDK-ARM Plus  Version: 5.43.0.0
Toolchain Path:  E:\Keil5MDK\ARM\ARMCC\Bin
C Compiler:      Armcc.exe V5.06 update 5 (build 528)
Assembler:       Armasm.exe V5.06 update 5 (build 528)
Linker/Locator:  ArmLink.exe V5.06 update 5 (build 528)
Library Manager: ArmAr.exe V5.06 update 5 (build 528)
Hex Converter:   FromElf.exe V5.06 update 5 (build 528)
CPU DLL:         SARMCM3.DLL V5.43.0.0
Dialog DLL:      DCM.DLL V1.17.5.0
Target DLL:      STLink\ST-LINKIII-KEIL_SWO.dll V3.3.1.0
Dialog DLL:      TCM.DLL V1.56.6.0
 
<h2>Project:</h2>
E:\STM32Project\stm32-master\stm32-master\car_example\user\Project.uvprojx
Project File Date:  03/28/2026

<h2>Output:</h2>
*** Using Compiler 'V5.06 update 5 (build 528)', folder: 'E:\Keil5MDK\ARM\ARMCC\Bin'
Rebuild target 'Target 1'
compiling main.c...
compiling isr.c...
assembling startup_stm32f10x_md.s...
compiling filter.c...
compiling ml_delay.c...
compiling ml_pwm.c...
compiling pid.c...
compiling gray_track.c...
compiling ml_nvic.c...
compiling system_stm32f10x.c...
compiling motor.c...
compiling ml_exti.c...
compiling ml_uart.c...
compiling ml_tim.c...
compiling ml_adc.c...
compiling ml_gpio.c...
compiling ml_mpu6050.c...
compiling ml_i2c.c...
compiling ml_oled.c...
compiling ml_hmc5883l.c...
linking...
Program Size: Code=17228 RO-data=604 RW-data=260 ZI-data=1788  
FromELF: creating hex file...
".\Objects\Project.axf" - 0 Error(s), 0 Warning(s).

<h2>Software Packages used:</h2>

Package Vendor: Keil
                http://www.keil.com/pack/Keil.STM32F1xx_DFP.2.2.0.pack
                Keil::STM32F1xx_DFP@2.2.0
                STMicroelectronics STM32F1 Series Device Support, Drivers and Examples

<h2>Collection of Component include folders:</h2>
  E:/Keil5MDK/ARM/PACK/Keil/STM32F1xx_DFP/2.2.0/Device/Include

<h2>Collection of Component Files used:</h2>
Build Time Elapsed:  00:00:02
</pre>
</body>
</html>
